------s3-object-router-test----
Content-Disposition: form-data; name="s3://dummy/foo/app/example-object"

{"message":"[INFO] app","tag":"app.info","time":"2020-08-20T15:42:02+09:00"}
{"message":"[ERROR] app","tag":"app.error","time":"2020-08-20T16:42:02+09:00"}
{"message":"[WARN] app","tag":"app.warn","time":"2020-08-20T15:43:11+09:00"}
{"message":"[WARN] app","tag":"app.warn","time":"2020-08-21T15:43:11+09:00"}

------s3-object-router-test----
Content-Disposition: form-data; name="s3://dummy/foo/batch.info/example-object"

{"message":"[INFO] batch","tag":"batch.info","time":"2020-08-19T15:42:02+09:00"}

------s3-object-router-test----
Content-Disposition: form-data; name="s3://dummy/foo/batch.warn/example-object"

{"message":"[WARN] batch","tag":"batch.warn","time":"2020-08-20T15:43:11+09:00"}

------s3-object-router-test------
