------s3-object-router-parser-test----
Content-Disposition: form-data; name="s3://dummy/foo/LAX1/2019-12-04/f7ec2b7eb299d99468ff797fba836fa6cfc4389e21562f50a7d41ddcf43bfd01"

{"c_ip":"192.0.2.100","c_port":"11040","cs_bytes":"23","cs_cookie_":"-","cs_host_":"d111111abcdef8.cloudfront.net","cs_method":"GET","cs_protocol":"https","cs_protocol_version":"HTTP/2.0","cs_referer_":"-","cs_uri_query":"-","cs_uri_stem":"/index.html","cs_user_agent_":"Mozilla/5.0%20(Windows%20NT%2010.0;%20Win64;%20x64)%20AppleWebKit/537.36%20(KHTML,%20like%20Gecko)%20Chrome/78.0.3904.108%20Safari/537.36","date":"2019-12-04","datetime":"2019-12-04T21:02:31Z","fle_encrypted_fields":"-","fle_status":"-","sc_bytes":"392","sc_content_len":"78","sc_content_type":"text/html","sc_range_end":"-","sc_range_start":"-","sc_status":"200","ssl_cipher":"ECDHE-RSA-AES128-GCM-SHA256","ssl_protocol":"TLSv1.2","time":"21:02:31","time_taken":"0.001","time_to_first_byte":"0.001","x_edge_detailed_result_type":"Hit","x_edge_location":"LAX1","x_edge_request_id":"SOX4xwn4XV6Q4rgb7XiVGOHms_BGlTAC4KyHmureZmBNrjGdRLiNIQ==","x_edge_response_result_type":"Hit","x_edge_result_type":"Hit","x_forwarded_for":"-","x_host_header":"d111111abcdef8.cloudfront.net"}
{"c_ip":"192.0.2.100","c_port":"11040","cs_bytes":"23","cs_cookie_":"-","cs_host_":"d111111abcdef8.cloudfront.net","cs_method":"GET","cs_protocol":"https","cs_protocol_version":"HTTP/2.0","cs_referer_":"-","cs_uri_query":"-","cs_uri_stem":"/index.html","cs_user_agent_":"Mozilla/5.0%20(Windows%20NT%2010.0;%20Win64;%20x64)%20AppleWebKit/537.36%20(KHTML,%20like%20Gecko)%20Chrome/78.0.3904.108%20Safari/537.36","date":"2019-12-04","datetime":"2019-12-04T21:02:31Z","fle_encrypted_fields":"-","fle_status":"-","sc_bytes":"392","sc_content_len":"78","sc_content_type":"text/html","sc_range_end":"-","sc_range_start":"-","sc_status":"200","ssl_cipher":"ECDHE-RSA-AES128-GCM-SHA256","ssl_protocol":"TLSv1.2","time":"21:02:31","time_taken":"0.000","time_to_first_byte":"0.000","x_edge_detailed_result_type":"Hit","x_edge_location":"LAX1","x_edge_request_id":"k6WGMNkEzR5BEM_SaF47gjtX9zBDO2m349OY2an0QPEaUum1ZOLrow==","x_edge_response_result_type":"Hit","x_edge_result_type":"Hit","x_forwarded_for":"-","x_host_header":"d111111abcdef8.cloudfront.net"}
{"c_ip":"192.0.2.100","c_port":"11040","cs_bytes":"23","cs_cookie_":"-","cs_host_":"d111111abcdef8.cloudfront.net","cs_method":"GET","cs_protocol":"https","cs_protocol_version":"HTTP/2.0","cs_referer_":"-","cs_uri_query":"-","cs_uri_stem":"/index.html","cs_user_agent_":"Mozilla/5.0%20(Windows%20NT%2010.0;%20Win64;%20x64)%20AppleWebKit/537.36%20(KHTML,%20like%20Gecko)%20Chrome/78.0.3904.108%20Safari/537.36","date":"2019-12-04","datetime":"2019-12-04T21:02:31Z","fle_encrypted_fields":"-","fle_status":"-","sc_bytes":"392","sc_content_len":"78","sc_content_type":"text/html","sc_range_end":"-","sc_range_start":"-","sc_status":"200","ssl_cipher":"ECDHE-RSA-AES128-GCM-SHA256","ssl_protocol":"TLSv1.2","time":"21:02:31","time_taken":"0.001","time_to_first_byte":"0.001","x_edge_detailed_result_type":"Hit","x_edge_location":"LAX1","x_edge_request_id":"f37nTMVvnKvV2ZSvEsivup_c2kZ7VXzYdjC-GUQZ5qNs-89BlWazbw==","x_edge_response_result_type":"Hit","x_edge_result_type":"Hit","x_forwarded_for":"-","x_host_header":"d111111abcdef8.cloudfront.net"}

------s3-object-router-parser-test----
Content-Disposition: form-data; name="s3://dummy/foo/SEA19-C1/2019-12-13/f7ec2b7eb299d99468ff797fba836fa6cfc4389e21562f50a7d41ddcf43bfd01"

{"c_ip":"192.0.2.200","c_port":"25260","cs_bytes":"675","cs_cookie_":"-","cs_host_":"d111111abcdef8.cloudfront.net","cs_method":"GET","cs_protocol":"http","cs_protocol_version":"HTTP/1.1","cs_referer_":"http://www.example.com/","cs_uri_query":"-","cs_uri_stem":"/favicon.ico","cs_user_agent_":"Mozilla/5.0%20(Windows%20NT%2010.0;%20Win64;%20x64)%20AppleWebKit/537.36%20(KHTML,%20like%20Gecko)%20Chrome/78.0.3904.108%20Safari/537.36","date":"2019-12-13","datetime":"2019-12-13T22:36:27Z","fle_encrypted_fields":"-","fle_status":"-","sc_bytes":"900","sc_content_len":"507","sc_content_type":"text/html","sc_range_end":"-","sc_range_start":"-","sc_status":"502","ssl_cipher":"-","ssl_protocol":"-","time":"22:36:27","time_taken":"0.102","time_to_first_byte":"0.102","x_edge_detailed_result_type":"OriginDnsError","x_edge_location":"SEA19-C1","x_edge_request_id":"1pkpNfBQ39sYMnjjUQjmH2w1wdJnbHYTbag21o_3OfcQgPzdL2RSSQ==","x_edge_response_result_type":"Error","x_edge_result_type":"Error","x_forwarded_for":"-","x_host_header":"www.example.com"}
{"c_ip":"192.0.2.200","c_port":"3802","cs_bytes":"735","cs_cookie_":"-","cs_host_":"d111111abcdef8.cloudfront.net","cs_method":"GET","cs_protocol":"http","cs_protocol_version":"HTTP/1.1","cs_referer_":"-","cs_uri_query":"-","cs_uri_stem":"/","cs_user_agent_":"Mozilla/5.0%20(Windows%20NT%2010.0;%20Win64;%20x64)%20AppleWebKit/537.36%20(KHTML,%20like%20Gecko)%20Chrome/78.0.3904.108%20Safari/537.36","date":"2019-12-13","datetime":"2019-12-13T22:36:26Z","fle_encrypted_fields":"-","fle_status":"-","sc_bytes":"900","sc_content_len":"507","sc_content_type":"text/html","sc_range_end":"-","sc_range_start":"-","sc_status":"502","ssl_cipher":"-","ssl_protocol":"-","time":"22:36:26","time_taken":"0.107","time_to_first_byte":"0.107","x_edge_detailed_result_type":"OriginDnsError","x_edge_location":"SEA19-C1","x_edge_request_id":"3AqrZGCnF_g0-5KOvfA7c9XLcf4YGvMFSeFdIetR1N_2y8jSis8Zxg==","x_edge_response_result_type":"Error","x_edge_result_type":"Error","x_forwarded_for":"-","x_host_header":"www.example.com"}

------s3-object-router-parser-test----
Content-Disposition: form-data; name="s3://dummy/foo/SEA19-C2/2019-12-13/f7ec2b7eb299d99468ff797fba836fa6cfc4389e21562f50a7d41ddcf43bfd01"

{"c_ip":"192.0.2.200","c_port":"12644","cs_bytes":"387","cs_cookie_":"-","cs_host_":"d111111abcdef8.cloudfront.net","cs_method":"GET","cs_protocol":"http","cs_protocol_version":"HTTP/1.1","cs_referer_":"-","cs_uri_query":"-","cs_uri_stem":"/","cs_user_agent_":"curl/7.55.1","date":"2019-12-13","datetime":"2019-12-13T22:37:02Z","fle_encrypted_fields":"-","fle_status":"-","sc_bytes":"900","sc_content_len":"507","sc_content_type":"text/html","sc_range_end":"-","sc_range_start":"-","sc_status":"502","ssl_cipher":"-","ssl_protocol":"-","time":"22:37:02","time_taken":"0.103","time_to_first_byte":"0.103","x_edge_detailed_result_type":"OriginDnsError","x_edge_location":"SEA19-C2","x_edge_request_id":"kBkDzGnceVtWHqSCqBUqtA_cEs2T3tFUBbnBNkB9El_uVRhHgcZfcw==","x_edge_response_result_type":"Error","x_edge_result_type":"Error","x_forwarded_for":"-","x_host_header":"www.example.com"}

------s3-object-router-parser-test------
